JeParseError at line 1 col 1 near `"Hello, world\"
`: String with a missing terminating quote
