a &= 0xff0
3840
3840

a %= 7
2
2

a *= 2
2048
2048

a **= 2
1048576.0
1048576.0

a += 2
1026
1026

a -= 2
1022
1022

a /= 2
512
512

a <<= 2
4096
4096

a >>= 2
256
256

a >>>= 2
256
256

a ^= 0xff0
255
255

a |= 0xff0
4095
4095

a <<= 2
-4096
-4096

a >>= 2
-256
-256

a >>>= 2
4611686018427387648
4611686018427387648

