== STRING ==
Hello, world!
Hello, 3.1415920000000001
Hello, 6.2831840000000003

== OPERATOR PRECEDENCE ==
14
-2
-10
-5
-25
1

14
-2
-10
-5
-25
1

-14
2
10
-19
-29
-9

15.5
-1.5
-10.5
-8.25
-30.75
2.75

15.5
-1.5
-10.5
-8.25
-30.75
2.75

-15.5
1.5
10.5
-23.25
-35.75
-7.25

45
172
38
37
210
3
0
45.0
172.0
38.125
null
210.375
null
null

== INCREMENT ==
-10
-11
-10.0
-11.0

== DECREMENT ==
-10
-9
-10.0
-9.0

== POWER ==
343.0
0.0029154518950437315
-343.0
-0.0029154518950437315

2.6457513110645907
0.37796447300922721
nan
nan

421.875
0.0023703703703703702
-421.875
-0.0023703703703703702

1155.3522697374598
0.00086553688099581798
nan
nan
2.7386127875258305
0.36514837167011071
nan
nan
