== OPERATION ==
61440
65520
4080
-65281

== PRECEDENCE ==
267448560
4293980400
268431360
4043309040
4294963200
4294905840

4027576560
4043305200
4279173360
-986881
4294902000
-4081

