== CEIL, FLOOR, ROUND ==
4
3
4
-3
-4
-4

== LEN, SQRT ==
0
0
0
5
2
1
3.0
1.8708286933869706
nan

== BINARY, HEX ==
0000000000000000000000000000000000000000000000001111000011110000
000000000000F0F0

== EVAL ==
Hello, world!

== FUNCTION ==
49

== IF ==
1
1
2
2
2
3

== FOR ==
0
1
2
3
4
5
6
7
8
9

== FOREACH ==
Hello
world!

Bye cruel world!
Hello world!

== WHILE ==
0
1
2
3
4
5
6
7
8
9

