== TRUTHINESS - TRUE ==
1
1.0
Hello
[ 0 ]
{ "": "" }
true

true
true
1
1.0
Hello
[ 0 ]
{ "": "" }

true
true
true
true
true
true
true

== TRUTHINESS - FALSE ==
null
false
0
0.0

[ ]
{ }

false
false
false
false
false
false
false

false
false
false
false
false
false

== AND ==
true
false
false
false

== OR ==
true
true
true
false

== NOT ==
false
true

== PRECEDENCE ==
true
true
true
true

1
2

