Level 3 2010 2020
Level 2 2011 2021
Level 1 1010
JE_RuntimeError at line 16 col 7 near `j`: No such variable named "j" in this scope
null
