== OPERATION ==
3840
15
15

-3856
-16
1152921504606846960

== NOSHIFT ==
-1
-1
-1

== ONESHIFT ==
-2
-1
9223372036854775807

-1
-2
-2

== OVERFLOW ==
-9223372036854775808
0
0

-1
-1
-1

1
0
0

0
0
0

0
0
0

0
0
0

-4611686018427387904
-9223372036854775808
0
0

1
0
0
0

1
0
0
0

== UNDERFLOW ==
-1
-1
-1

-9223372036854775808
0
0

-9223372036854775808
0
0

0
0
0

0
0
0

0
0
0

1
0
0
0

-4611686018427387904
-9223372036854775808
0
0

-4611686018427387904
-9223372036854775808
0
0

== PRECEDENCE ==
-3856
3840
61440

61440
240
240

-61456
-256
1152921504606846720

