1
2
3 fizz
4
5 buzz
6 fizz
7
8
9 fizz
10 buzz
11
12 fizz
13
14
15 fizzbuzz
16
17
18 fizz
19
20 buzz
21 fizz
22
23
24 fizz
25 buzz
26
27 fizz
28
29
30 fizzbuzz
