!Î”ğŸš«
!Î”ğŸš« is 7 bytes long.
!Î”ğŸš« is 3 characters long.
